Vivado Simulator v2022.2
Copyright 1986-1999, 2001-2022 Xilinx, Inc. All Rights Reserved.
Running: C:/Xilinx/Vivado/2022.2/bin/unwrapped/win64.o/xelab.exe --incr --debug typical --relax --mt 2 -L xil_defaultlib -L secureip --snapshot project_tb_func_synth xil_defaultlib.project_tb -log elaborate.log 
Using 2 slave threads.
Starting static elaboration
Completed static elaboration
Starting simulation data flow analysis
Completed simulation data flow analysis
Time Resolution for simulation is 1ps
Compiling package std.standard
Compiling package std.textio
Compiling package ieee.std_logic_1164
Compiling package ieee.numeric_std
Compiling package ieee.std_logic_arith
Compiling package ieee.std_logic_unsigned
Compiling package unisim.vcomponents
Compiling package ieee.vital_timing
Compiling package ieee.vital_primitives
Compiling package unisim.vpkg
Compiling architecture lut5_v of entity unisim.LUT5 [\LUT5(init="11111111111111111111...]
Compiling architecture fdpe_v of entity unisim.FDPE [fdpe_default]
Compiling architecture fdce_v of entity unisim.FDCE [fdce_default]
Compiling architecture bufg_v of entity unisim.BUFG [bufg_default]
Compiling architecture ibuf_v of entity unisim.IBUF [\IBUF(1,4)(1,9)(1,1)(1,4)(1,7)\]
Compiling architecture obuf_v of entity unisim.OBUF [\OBUF(1,9)(1,7)(1,4)\]
Compiling architecture lut4_v of entity unisim.LUT4 [\LUT4(init="0000000011111000")(0...]
Compiling architecture lut2_v of entity unisim.LUT2 [\LUT2(init="1000")(0,3)\]
Compiling architecture fdre_v of entity unisim.FDRE [fdre_default]
Compiling architecture lut5_v of entity unisim.LUT5 [\LUT5(init="10101010000000101010...]
Compiling architecture lut2_v of entity unisim.LUT2 [\LUT2(init="1110")(0,3)\]
Compiling architecture lut5_v of entity unisim.LUT5 [\LUT5(init="10101010001000001000...]
Compiling architecture lut5_v of entity unisim.LUT5 [\LUT5(init="10101010100010100000...]
Compiling architecture lut5_v of entity unisim.LUT5 [\LUT5(init="10101000100010000000...]
Compiling architecture lut4_v of entity unisim.LUT4 [\LUT4(init="1100110011001010")(0...]
Compiling architecture lut4_v of entity unisim.LUT4 [\LUT4(init="1100110010101100")(0...]
Compiling architecture lut4_v of entity unisim.LUT4 [\LUT4(init="1011101010001010")(0...]
Compiling architecture lut4_v of entity unisim.LUT4 [\LUT4(init="1011111110000000")(0...]
Compiling architecture lut3_v of entity unisim.LUT3 [\LUT3(init="11101010")(0,7)\]
Compiling architecture lut5_v of entity unisim.LUT5 [\LUT5(init="11111111101111110000...]
Compiling architecture structure of entity xil_defaultlib.project_reti_logiche [project_reti_logiche_default]
Compiling architecture projecttb of entity xil_defaultlib.project_tb
Built simulation snapshot project_tb_func_synth
