#-----------------------------------------------------------
# Vivado v2022.2 (64-bit)
# SW Build 3671981 on Fri Oct 14 05:00:03 MDT 2022
# IP Build 3669848 on Fri Oct 14 08:30:02 MDT 2022
# Start of session at: Fri Mar 24 08:19:40 2023
# Process ID: 6576
# Current directory: G:/Il mio Drive/Progetto Reti Logiche/10733midisiscrivo
# Command line: vivado.exe -gui_launcher_event rodinguilauncherevent9048 G:\Il mio Drive\Progetto Reti Logiche\10733midisiscrivo\10733midisiscrivo.xpr
# Log file: G:/Il mio Drive/Progetto Reti Logiche/10733midisiscrivo/vivado.log
# Journal file: G:/Il mio Drive/Progetto Reti Logiche/10733midisiscrivo\vivado.jou
# Running On: rx571-Diego, OS: Windows, CPU Frequency: 2304 MHz, CPU Physical cores: 4, Host memory: 8435 MB
#-----------------------------------------------------------
start_gui
open_project {G:/Il mio Drive/Progetto Reti Logiche/10733midisiscrivo/10733midisiscrivo.xpr}
update_compile_order -fileset sources_1
set_property SOURCE_SET sources_1 [get_filesets sim_1]
import_files -fileset sim_1 -norecurse C:/Users/vigan/Downloads/generated_testbench.vhd
update_compile_order -fileset sim_1
launch_simulation
source project_tb.tcl
create_fileset -simset sim_2
set_property SOURCE_SET sources_1 [get_filesets sim_2]
import_files -fileset sim_2 -norecurse C:/Users/vigan/Downloads/generated_testbench.vhd
update_compile_order -fileset sim_2
launch_simulation -simset [get_filesets sim_2 ]
source project_reti_logiche.tcl
update_compile_order -fileset sim_2
launch_simulation -simset [get_filesets sim_2 ]
launch_simulation -simset [get_filesets sim_2 ]
close_sim
close_sim
